?   	github.com/fluctlight/local-ai-companion/apps/core-go/cmd/api	[no test files]
?   	github.com/fluctlight/local-ai-companion/apps/core-go/cmd/cutover	[no test files]
?   	github.com/fluctlight/local-ai-companion/apps/core-go/cmd/effective-life-backfill	[no test files]
?   	github.com/fluctlight/local-ai-companion/apps/core-go/cmd/migrate	[no test files]
?   	github.com/fluctlight/local-ai-companion/apps/core-go/cmd/persona-backfill	[no test files]
?   	github.com/fluctlight/local-ai-companion/apps/core-go/cmd/setup-token	[no test files]
?   	github.com/fluctlight/local-ai-companion/apps/core-go/cmd/worker	[no test files]
ok  	github.com/fluctlight/local-ai-companion/apps/core-go/internal/ai/agent	0.125s
ok  	github.com/fluctlight/local-ai-companion/apps/core-go/internal/ai/model	0.205s
ok  	github.com/fluctlight/local-ai-companion/apps/core-go/internal/ai/prompt	0.041s
ok  	github.com/fluctlight/local-ai-companion/apps/core-go/internal/ai/task	0.045s
?   	github.com/fluctlight/local-ai-companion/apps/core-go/internal/capability	[no test files]
ok  	github.com/fluctlight/local-ai-companion/apps/core-go/internal/config	0.055s
ok  	github.com/fluctlight/local-ai-companion/apps/core-go/internal/conversation	0.057s
ok  	github.com/fluctlight/local-ai-companion/apps/core-go/internal/core	151.121s
ok  	github.com/fluctlight/local-ai-companion/apps/core-go/internal/httpapi	1.208s
ok  	github.com/fluctlight/local-ai-companion/apps/core-go/internal/httpapi/browser	0.075s
ok  	github.com/fluctlight/local-ai-companion/apps/core-go/internal/migrations	28.579s
ok  	github.com/fluctlight/local-ai-companion/apps/core-go/internal/personality	0.061s
ok  	github.com/fluctlight/local-ai-companion/apps/core-go/internal/platform	0.212s
?   	github.com/fluctlight/local-ai-companion/apps/core-go/internal/platform/crypto	[no test files]
ok  	github.com/fluctlight/local-ai-companion/apps/core-go/internal/workflow	0.273s
ok  	github.com/fluctlight/local-ai-companion/apps/core-go/test/integration	0.306s
