=== RUN   TestGoalPlannerE2EAllGoalsFinishThenNewGoalFinishesOriginalChain
2026/10/09 12:58:58 INFO capability lifecycle capability=goal_planner.query call_id=all-finish-1 type=query surface=goal_planner required_context=[] duration_ms=0 status=completed retryable=false intent_present=false intent_runes=0
2026/10/09 12:58:58 INFO capability lifecycle capability=goal_planner.query call_id=all-finish-2 type=query surface=goal_planner required_context=[] duration_ms=1 status=completed retryable=false intent_present=false intent_runes=0
2026/10/09 12:58:58 INFO capability lifecycle capability=goal_planner.query call_id=all-finish-3 type=query surface=goal_planner required_context=[] duration_ms=0 status=completed retryable=false intent_present=false intent_runes=0
2026/10/09 12:58:58 INFO capability lifecycle capability=goal_planner.query call_id=all-finish-4 type=query surface=goal_planner required_context=[] duration_ms=0 status=completed retryable=false intent_present=false intent_runes=0
2026/10/09 12:58:58 INFO capability lifecycle capability=goal_planner.query call_id=all-finish-5 type=query surface=goal_planner required_context=[] duration_ms=1 status=completed retryable=false intent_present=false intent_runes=0
2026/10/09 12:58:58 INFO capability lifecycle capability=goal_planner.query call_id=all-finish-7 type=query surface=goal_planner required_context=[] duration_ms=0 status=completed retryable=false intent_present=false intent_runes=0
    goal_planner_test.go:672: PLANNER_COST_EVIDENCE physical_calls=8 estimated_input_tokens=102777 peak_estimated_input_tokens=19279 total_wire_chars=82219 real_provider_tokens=unavailable
    goal_planner_test.go:673: E2E01_EVIDENCE instance=independent_fluctlight_wardrobe_1791521937832515000 old_goals=[goal_owner_123c76eba137e7dc8427052d9e5c64b2 goal_owner_4b5677b4d66afd2fc1c98de52465cfd9 goal_owner_435673dd95294f7e3b054db3d4f5d97e] planner_run=goal_planner_8d451985a39cc2439a7b8f0abe8f4901 new_goal=goal_plan_279aa25c1e87eb3b7c6ad2b267edbc10 completed=4 planner_calls=8 merged_completion_events=true
--- PASS: TestGoalPlannerE2EAllGoalsFinishThenNewGoalFinishesOriginalChain (1.68s)
=== RUN   TestNativePersonaLoopUsesGenericIterationGuardInsteadOfLegacyStageBudget
2026/10/09 12:58:59 INFO capability lifecycle capability=memory.recall call_id=budget-memory type=query surface=conversation required_context=[memory_scope] duration_ms=2 status=completed retryable=false intent_present=false intent_runes=0
2026/10/09 12:58:59 INFO capability lifecycle capability=relationship.lookup call_id=budget-relationship type=query surface=conversation required_context=[relationship_scope] duration_ms=0 status=completed retryable=false intent_present=false intent_runes=0
    turn_chain_budget_test.go:72: PHYSICAL_BUDGET_EVIDENCE={"budgets":[{"agent":"fluctlight-conversation-cognition","context_window_tokens":65536,"conversation_id":"native-budget-conversation","count_mode":"estimated","cumulative_estimated_input_tokens":45281,"estimated_input_tokens":45281,"generation_reserve_tokens":4096,"iteration":1,"max_input_tokens":49152,"message_count":3,"model":"turn-model","run_id":"turn:native-budget-turn-1","safety_margin_tokens":4096,"schema_tokens":6177,"status":"within_budget","tool_count":36,"tool_result_tokens":0,"tool_schema_tokens":28878,"wire_bytes":39472,"wire_chars":36252},{"agent":"fluctlight-conversation-cognition","context_window_tokens":65536,"conversation_id":"native-budget-conversation","count_mode":"estimated","cumulative_estimated_input_tokens":92131,"estimated_input_tokens":46850,"generation_reserve_tokens":4096,"iteration":2,"max_input_tokens":49152,"message_count":5,"model":"turn-model","run_id":"turn:native-budget-turn-1","safety_margin_tokens":4096,"schema_tokens":6177,"status":"within_budget","tool_count":36,"tool_result_tokens":1174,"tool_schema_tokens":28878,"wire_bytes":40735,"wire_chars":37507},{"agent":"fluctlight-conversation-cognition","context_window_tokens":65536,"conversation_id":"native-budget-conversation","count_mode":"estimated","cumulative_estimated_input_tokens":139980,"estimated_input_tokens":47849,"generation_reserve_tokens":4096,"iteration":3,"max_input_tokens":49152,"message_count":7,"model":"turn-model","run_id":"turn:native-budget-turn-1","safety_margin_tokens":4096,"schema_tokens":6177,"status":"within_budget","tool_count":36,"tool_result_tokens":1915,"tool_schema_tokens":28878,"wire_bytes":41534,"wire_chars":38306},{"agent":"fluctlight-conversation-cognition","context_window_tokens":65536,"conversation_id":"native-budget-conversation","count_mode":"estimated","cumulative_estimated_input_tokens":188644,"estimated_input_tokens":48664,"generation_reserve_tokens":4096,"iteration":4,"max_input_tokens":49152,"message_count":9,"model":"turn-model","run_id":"turn:native-budget-turn-1","safety_margin_tokens":4096,"schema_tokens":6177,"status":"within_budget","tool_count":36,"tool_result_tokens":2457,"tool_schema_tokens":28878,"wire_bytes":42186,"wire_chars":38958},{"agent":"fluctlight-conversation-cognition","context_window_tokens":65536,"conversation_id":"native-budget-conversation","count_mode":"estimated","cumulative_estimated_input_tokens":237768,"estimated_input_tokens":49124,"generation_reserve_tokens":4096,"iteration":5,"max_input_tokens":49152,"message_count":11,"model":"turn-model","run_id":"turn:native-budget-turn-1","safety_margin_tokens":4096,"schema_tokens":6177,"status":"within_budget","tool_count":36,"tool_result_tokens":2683,"tool_schema_tokens":28878,"wire_bytes":42568,"wire_chars":39326}],"conversation_id":"native-budget-conversation","measurement":"scripted Provider and actual PostgreSQL; estimates, not live usage","physical_main_calls":5}
--- PASS: TestNativePersonaLoopUsesGenericIterationGuardInsteadOfLegacyStageBudget (1.02s)
=== RUN   TestTurnPathCostMeasurement
    turn_path_cost_report_test.go:193: natural_final              physical=1 tokens(in)=42668 tokens(out~)=160 bytes=37350 #1=42668tok/37350B
    turn_path_cost_report_test.go:193: reply_tool_then_final      physical=2 tokens(in)=85730 tokens(out~)=680 bytes=75025 #1=42668tok/37350B #2=43062tok/37675B
    turn_path_cost_report_test.go:193: takeover_reply_then_final  physical=3 tokens(in)=131462 tokens(out~)=1044 bytes=114848 #1=42668tok/37350B #2=44187tok/38573B #3=44607tok/38925B
--- PASS: TestTurnPathCostMeasurement (4.08s)
PASS
ok  	github.com/fluctlight/local-ai-companion/apps/core-go/internal/core	7.178s
